2025-06-24 08:15:00 | DEBUG | repo=a4m36jee-2014-management-seminar | action=test | passed=true
2025-06-02 12:02:00 | INFO | repo=a4m36jee-2014-management-seminar | action=commit
2025-10-13 12:02:00 | DEBUG | repo=a4m36jee-2014-management-seminar | action=commit
2025-11-21 11:51:00 | WARN | repo=a4m36jee-2014-management-seminar | action=commit
2025-07-11 10:50:00 | DEBUG | repo=a4m36jee-2014-management-seminar | action=commit
2025-09-07 11:49:00 | DEBUG | repo=a4m36jee-2014-management-seminar | action=commit
2025-07-02 16:25:00 | INFO | repo=a4m36jee-2014-management-seminar | action=commit
2025-04-28 18:03:00 | WARN | repo=a4m36jee-2014-management-seminar | action=commit
2025-03-10 12:17:00 | INFO | repo=a4m36jee-2014-management-seminar | action=edit | files=1
2025-02-17 21:52:00 | WARN | repo=a4m36jee-2014-management-seminar | action=commit
2025-12-26 13:18:00 | INFO | repo=a4m36jee-2014-management-seminar | action=commit
2025-11-17 21:25:00 | WARN | repo=a4m36jee-2014-management-seminar | action=commit
2025-05-18 08:06:00 | DEBUG | repo=a4m36jee-2014-management-seminar | action=commit
2025-04-11 08:34:00 | DEBUG | repo=a4m36jee-2014-management-seminar | action=commit
2025-03-24 20:35:00 | WARN | repo=a4m36jee-2014-management-seminar | action=commit
2025-04-06 16:27:00 | INFO | repo=a4m36jee-2014-management-seminar | action=commit
2025-09-01 10:12:00 | DEBUG | repo=a4m36jee-2014-management-seminar | action=commit
2025-02-28 19:57:00 | WARN | repo=a4m36jee-2014-management-seminar | action=commit
2025-01-06 14:00:00 | WARN | repo=a4m36jee-2014-management-seminar | action=commit
2025-11-08 11:30:00 | WARN | repo=a4m36jee-2014-management-seminar | action=test | passed=true
2025-02-17 21:48:00 | WARN | repo=a4m36jee-2014-management-seminar | action=commit
2025-02-01 14:53:00 | WARN | repo=a4m36jee-2014-management-seminar | action=commit
